Flutter crash report.
Please report a bug at https://github.com/flutter/flutter/issues.

## command

flutter create frontend

## exception

_TypeError: type 'Null' is not a subtype of type 'YamlMap' in type cast

```
#0      gatherSdkPackageDependencies (package:flutter_tools/src/commands/create.dart:1389:88)
#1      _generatePubspecLock (package:flutter_tools/src/commands/create.dart:1374:27)
#2      CreateCommand.runCommand (package:flutter_tools/src/commands/create.dart:550:5)
<asynchronous suspension>
#3      FlutterCommand.run.<anonymous closure> (package:flutter_tools/src/runner/flutter_command.dart:1630:27)
<asynchronous suspension>
#4      AppContext.run.<anonymous closure> (package:flutter_tools/src/base/context.dart:154:19)
<asynchronous suspension>
#5      CommandRunner.runCommand (package:args/command_runner.dart:212:13)
<asynchronous suspension>
#6      FlutterCommandRunner.runCommand.<anonymous closure> (package:flutter_tools/src/runner/flutter_command_runner.dart:496:9)
<asynchronous suspension>
#7      AppContext.run.<anonymous closure> (package:flutter_tools/src/base/context.dart:154:19)
<asynchronous suspension>
#8      FlutterCommandRunner.runCommand (package:flutter_tools/src/runner/flutter_command_runner.dart:431:5)
<asynchronous suspension>
#9      FlutterCommandRunner.run.<anonymous closure> (package:flutter_tools/src/runner/flutter_command_runner.dart:307:33)
<asynchronous suspension>
#10     run.<anonymous closure>.<anonymous closure> (package:flutter_tools/runner.dart:104:11)
<asynchronous suspension>
#11     AppContext.run.<anonymous closure> (package:flutter_tools/src/base/context.dart:154:19)
<asynchronous suspension>
#12     main (package:flutter_tools/executable.dart:103:3)
<asynchronous suspension>
```

## flutter doctor

```
[32m[✓][39m Flutter (Channel stable, 3.44.9, on
    Microsoft Windows [Version
    10.0.26200.8875], locale en-IN) [143ms]
    [32m•[39m Flutter version 3.44.9 on channel stable
      at C:\Users\priya\Desktop\flutter
    [32m•[39m Upstream repository
      https://github.com/flutter/flutter.git
    [32m•[39m Framework revision 6b182d2c75 (2 days
      ago), 2026-08-05 10:04:07 -0700
    [32m•[39m Engine revision 5a2a6a42cc
    [32m•[39m Dart version 3.12.2
    [32m•[39m DevTools version 2.57.0
    [32m•[39m Feature flags: enable-web,
      enable-linux-desktop,
      enable-macos-desktop,
      enable-windows-desktop, enable-android,
      enable-ios, cli-animations,
      enable-native-assets,
      enable-swift-package-manager,
      omit-legacy-version-file,
      enable-lldb-debugging,
      enable-uiscene-migration

[32m[✓][39m Windows Version (Windows 11 or higher,
    25H2, 2009) [1,086ms]

[33m[!][39m Android toolchain - develop for Android
    devices (Android SDK version 36.0.0)
    [5.8s]
    [32m•[39m Android SDK at
      C:\Users\priya\AppData\Local\Android\sdk
    [32m•[39m Emulator version 37.1.11.0 (build_id
      15917651) (CL:N/A)
    [31m✗[39m cmdline-tools component is missing.
      Try installing or updating Android
      Studio.
      Alternatively, download the tools from
      https://developer.android.com/studio#com
      mand-line-tools-only and make sure to
      set the ANDROID_HOME environment
      variable.
      See
      https://developer.android.com/studio/com
      mand-line for more details.
    [31m✗[39m Android license status unknown.
      Run `flutter doctor --android-licenses`
      to accept the SDK licenses.
      See
      https://flutter.dev/to/windows-android-s
      etup for more details.

[32m[✓][39m Chrome - develop for the web [7ms]
    [32m•[39m Chrome at C:\Program
      Files\Google\Chrome\Application\chrome.e
      xe

[31m[✗][39m Visual Studio - develop Windows apps [7ms]
    [31m✗[39m Visual Studio not installed; this is
      necessary to develop Windows apps.
      Download at
      https://visualstudio.microsoft.com/downl
      oads/.
      Please install the "Desktop development
      with C++" workload, including all of its
      default components

[32m[✓][39m Connected device (3 available) [2.9s]
    [32m•[39m Windows (desktop) • windows •
      windows-x64    • Microsoft Windows
      [Version 10.0.26200.8875]
    [32m•[39m Chrome (web)      • chrome  •
      web-javascript • Google Chrome
      150.0.7871.188
    [32m•[39m Edge (web)        • edge    •
      web-javascript • Microsoft Edge
      151.0.4129.59

[32m[✓][39m Network resources [2.5s]
    [32m•[39m All expected network resources are
      available.

[33m![39m Doctor found issues in 2 categories.
```
